[panther.wiki/fortnite-vbuck/index.html]
[backblue.gif]
[fade.gif]
[index.html]
[browser.sentry-cdn.com/6.4.1/bundle.min.js]
[www.google-analytics.com/analytics.js]
[d13pxqgp3ixdbh.cloudfront.net/uploads/1526309436615f640be58386045d2d6acc746d7743.jpg]
[d13pxqgp3ixdbh.cloudfront.net/uploads/152655974215f726a713a5509befe43d2fd95983c1.png]
[s3-us-west-1.amazonaws.com/bucket.cpabuild.com/uploads/15264949827e4e65dcd3fbef8ec775dd0a9a2070f1.png]
[s3-us-west-1.amazonaws.com/bucket.cpabuild.com/uploads/15264948901a8ff3268235a3144a88107ab73c52f0.png]
[d13pxqgp3ixdbh.cloudfront.net/uploads/1526554233a6621efcf7283617cc75f2e1772a416b.jpg]
[d13pxqgp3ixdbh.cloudfront.net/uploads/152655425417e6e2050a8f52cff013b3e991e8cb24.jpg]
[d13pxqgp3ixdbh.cloudfront.net/uploads/15253007657d26d0a6174735c705327ebb9c879917.jpg]
[d13pxqgp3ixdbh.cloudfront.net/uploads/1526554259f25b89355c19a8f54a3ec1e0e5aa2f11.jpg]
[ajax.googleapis.com/ajax/libs/jquery/1/jquery.js]
[d13pxqgp3ixdbh.cloudfront.net/themes/startui/js/lib/bootstrap-sweetalert/sweetalert.min.js]
[ajax.googleapis.com/ajax/libs/jquery/2.2.4/jquery.min.js]
[d12u7tum9sda5e.cloudfront.net/99d414b.js]
[panther.wiki/fortnite-vbuck/customTemplateGlobal.14.delayed]
[panther.wiki/fortnite-vbuck/index.html]
[s3-us-west-1.amazonaws.com/bucket.cpabuild.com/assets/landing_pages/fa/css/font-awesome.min.css]
[s3-us-west-1.amazonaws.com/bucket.cpabuild.com/assets/landing_pages/jqueryui/images/ui-bg_diagonal-maze_75_9DD9DB_10x10.png]
[s3-us-west-1.amazonaws.com/bucket.cpabuild.com/assets/landing_pages/jqueryui/images/ui-bg_gloss-wave_75_1A676B_500x100.png]
[s3-us-west-1.amazonaws.com/bucket.cpabuild.com/assets/landing_pages/jqueryui/images/ui-bg_highlight-soft_75_5AA6A9_1x100.png]
[s3-us-west-1.amazonaws.com/bucket.cpabuild.com/assets/landing_pages/jqueryui/images/ui-bg_inset-soft_75_043D3F_1x100.png]
[s3-us-west-1.amazonaws.com/bucket.cpabuild.com/assets/landing_pages/jqueryui/images/ui-bg_highlight-soft_65_1A676B_1x100.png]
[s3-us-west-1.amazonaws.com/bucket.cpabuild.com/assets/landing_pages/jqueryui/images/ui-bg_loop_75_FFD9B8_21x21.png]
[s3-us-west-1.amazonaws.com/bucket.cpabuild.com/assets/landing_pages/jqueryui/images/ui-bg_diagonals-thick_75_FFB8BA_40x40.png]
[s3-us-west-1.amazonaws.com/bucket.cpabuild.com/assets/landing_pages/jqueryui/images/ui-icons_043D3F_256x240.png]
[s3-us-west-1.amazonaws.com/bucket.cpabuild.com/assets/landing_pages/jqueryui/images/ui-icons_9DD9DB_256x240.png]
[s3-us-west-1.amazonaws.com/bucket.cpabuild.com/assets/landing_pages/jqueryui/images/ui-icons_1A676B_256x240.png]
[s3-us-west-1.amazonaws.com/bucket.cpabuild.com/assets/landing_pages/jqueryui/images/ui-icons_982326_256x240.png]
[s3-us-west-1.amazonaws.com/bucket.cpabuild.com/assets/landing_pages/jqueryui/jquery-ui.min.css]
[s3-us-west-1.amazonaws.com/bucket.cpabuild.com/assets/content_lockers/noty-2.3.8/demo/animate.css]
[d13pxqgp3ixdbh.cloudfront.net/themes/startui/css/lib/bootstrap-sweetalert/sweetalert.css]
[s3-us-west-1.amazonaws.com/bucket.cpabuild.com/assets/landing_pages/jqueryui/jquery-ui.min.js]
[s3-us-west-1.amazonaws.com/bucket.cpabuild.com/assets/content_lockers/noty-2.3.8/js/noty/packaged/jquery.noty.packaged.js]
[panther.wiki/fortnite-vbuck/customTemplateGlobal.html]
